[0.000000] (-) TimerEvent: {}
[0.000830] (publisher_cpp) JobQueued: {'identifier': 'publisher_cpp', 'dependencies': OrderedDict()}
[0.000955] (publisher_cpp) JobStarted: {'identifier': 'publisher_cpp'}
[0.019971] (publisher_cpp) JobProgress: {'identifier': 'publisher_cpp', 'progress': 'cmake'}
[0.021573] (publisher_cpp) Command: {'cmd': ['/usr/bin/cmake', '/home/host/ros_ws/src/publisher_cpp', '-DAMENT_CMAKE_SYMLINK_INSTALL=1', '-DCMAKE_INSTALL_PREFIX=/home/host/ros_ws/src/install/publisher_cpp'], 'cwd': '/home/host/ros_ws/src/build/publisher_cpp', 'env': OrderedDict({'GZ_SIM_RESOURCE_PATH': '/opt/ros/jazzy/share', 'GZ_CONFIG_PATH': '/opt/ros/jazzy/opt/gz_sim_vendor/share/gz:/opt/ros/jazzy/opt/sdformat_vendor/share/gz:/opt/ros/jazzy/opt/gz_gui_vendor/share/gz:/opt/ros/jazzy/opt/gz_transport_vendor/share/gz:/opt/ros/jazzy/opt/gz_rendering_vendor/share/gz:/opt/ros/jazzy/opt/gz_plugin_vendor/share/gz:/opt/ros/jazzy/opt/gz_fuel_tools_vendor/share/gz:/opt/ros/jazzy/opt/gz_msgs_vendor/share/gz:/opt/ros/jazzy/opt/gz_common_vendor/share/gz', 'HOSTNAME': 'ryan', 'SHLVL': '1', 'LD_LIBRARY_PATH': '/opt/ros/jazzy/opt/gz_sim_vendor/lib:/opt/ros/jazzy/opt/gz_sensors_vendor/lib:/opt/ros/jazzy/opt/gz_physics_vendor/lib:/opt/ros/jazzy/opt/sdformat_vendor/lib:/opt/ros/jazzy/opt/rviz_ogre_vendor/lib:/opt/ros/jazzy/lib/x86_64-linux-gnu:/opt/ros/jazzy/opt/gz_gui_vendor/lib:/opt/ros/jazzy/opt/gz_transport_vendor/lib:/opt/ros/jazzy/opt/gz_rendering_vendor/lib:/opt/ros/jazzy/opt/gz_plugin_vendor/lib:/opt/ros/jazzy/opt/gz_fuel_tools_vendor/lib:/opt/ros/jazzy/opt/gz_msgs_vendor/lib:/opt/ros/jazzy/opt/gz_common_vendor/lib:/opt/ros/jazzy/opt/gz_math_vendor/lib:/opt/ros/jazzy/opt/gz_utils_vendor/lib:/opt/ros/jazzy/opt/gz_tools_vendor/lib:/opt/ros/jazzy/opt/gz_ogre_next_vendor/lib:/opt/ros/jazzy/opt/gz_dartsim_vendor/lib:/opt/ros/jazzy/opt/gz_cmake_vendor/lib:/opt/ros/jazzy/lib', 'HOME': '/home/host', 'OLDPWD': '/home/host/ros_ws', 'ROS_PYTHON_VERSION': '3', 'PS1': '(ROS_ID=0) \\u@\\h:\\w$', 'ROS_DISTRO': 'jazzy', '_': '/usr/bin/colcon', 'ROS_VERSION': '2', 'TERM': 'xterm', 'ROS_LOCALHOST_ONLY': '1', 'QT_X11_NO_MITSHM': '1', 'PATH': '/opt/ros/jazzy/opt/gz_msgs_vendor/bin:/opt/ros/jazzy/opt/gz_tools_vendor/bin:/opt/ros/jazzy/opt/gz_ogre_next_vendor/bin:/opt/ros/jazzy/bin:/usr/local/sbin:/usr/local/bin:/usr/sbin:/usr/bin:/sbin:/bin', 'DISPLAY': ':0', 'LANG': 'C.UTF-8', 'ROS_DOMAIN_ID': '1', 'AMENT_PREFIX_PATH': '/opt/ros/jazzy', 'DEBIAN_FRONTEND': 'noninteractive', 'ROS_AUTOMATIC_DISCOVERY_RANGE': 'SUBNET', 'PWD': '/home/host/ros_ws/src/build/publisher_cpp', 'LC_ALL': 'C.UTF-8', 'PYTHONPATH': '/opt/ros/jazzy/lib/python3.12/site-packages', 'COLCON': '1', 'CMAKE_PREFIX_PATH': '/opt/ros/jazzy/opt/gz_sim_vendor:/opt/ros/jazzy/opt/gz_sensors_vendor:/opt/ros/jazzy/opt/gz_physics_vendor:/opt/ros/jazzy/opt/sdformat_vendor:/opt/ros/jazzy/opt/gz_gui_vendor:/opt/ros/jazzy/opt/gz_transport_vendor:/opt/ros/jazzy/opt/gz_rendering_vendor:/opt/ros/jazzy/opt/gz_plugin_vendor:/opt/ros/jazzy/opt/gz_fuel_tools_vendor:/opt/ros/jazzy/opt/gz_msgs_vendor:/opt/ros/jazzy/opt/gz_common_vendor:/opt/ros/jazzy/opt/gz_math_vendor:/opt/ros/jazzy/opt/gz_utils_vendor:/opt/ros/jazzy/opt/gz_tools_vendor:/opt/ros/jazzy/opt/gz_ogre_next_vendor:/opt/ros/jazzy/opt/gz_dartsim_vendor:/opt/ros/jazzy/opt/gz_cmake_vendor:/opt/ros/jazzy'}), 'shell': False}
[0.052017] (publisher_cpp) StdoutLine: {'line': b'-- Found ament_cmake: 2.5.6 (/opt/ros/jazzy/share/ament_cmake/cmake)\n'}
[0.099634] (-) TimerEvent: {}
[0.200014] (-) TimerEvent: {}
[0.300506] (-) TimerEvent: {}
[0.400950] (-) TimerEvent: {}
[0.429980] (publisher_cpp) StdoutLine: {'line': b'-- Override CMake install command with custom implementation using symlinks instead of copying resources\n'}
[0.455744] (publisher_cpp) StdoutLine: {'line': b'-- Found rclcpp: 28.1.21 (/opt/ros/jazzy/share/rclcpp/cmake)\n'}
[0.501137] (-) TimerEvent: {}
[0.599918] (publisher_cpp) StdoutLine: {'line': b'-- Found rosidl_generator_c: 4.6.9 (/opt/ros/jazzy/share/rosidl_generator_c/cmake)\n'}
[0.601284] (-) TimerEvent: {}
[0.650079] (publisher_cpp) StdoutLine: {'line': b'-- Found rosidl_generator_cpp: 4.6.9 (/opt/ros/jazzy/share/rosidl_generator_cpp/cmake)\n'}
[0.701475] (-) TimerEvent: {}
[0.709771] (publisher_cpp) StdoutLine: {'line': b'-- Using all available rosidl_typesupport_c: rosidl_typesupport_fastrtps_c;rosidl_typesupport_introspection_c\n'}
[0.766251] (publisher_cpp) StdoutLine: {'line': b'-- Using all available rosidl_typesupport_cpp: rosidl_typesupport_fastrtps_cpp;rosidl_typesupport_introspection_cpp\n'}
[0.801663] (-) TimerEvent: {}
[0.902158] (-) TimerEvent: {}
[0.995636] (publisher_cpp) StdoutLine: {'line': b'-- Found rmw_implementation_cmake: 7.3.3 (/opt/ros/jazzy/share/rmw_implementation_cmake/cmake)\n'}
[1.002352] (-) TimerEvent: {}
[1.008217] (publisher_cpp) StdoutLine: {'line': b'-- Found rmw_fastrtps_cpp: 8.4.4 (/opt/ros/jazzy/share/rmw_fastrtps_cpp/cmake)\n'}
[1.102538] (-) TimerEvent: {}
[1.203004] (-) TimerEvent: {}
[1.277823] (publisher_cpp) StdoutLine: {'line': b'-- Found OpenSSL: /usr/lib/x86_64-linux-gnu/libcrypto.so (found version "3.0.13")  \n'}
[1.303180] (-) TimerEvent: {}
[1.317236] (publisher_cpp) StdoutLine: {'line': b'-- Found FastRTPS: /opt/ros/jazzy/include (Required is at least version "2.13") \n'}
[1.363278] (publisher_cpp) StdoutLine: {'line': b"-- Using RMW implementation 'rmw_fastrtps_cpp' as default\n"}
[1.403362] (-) TimerEvent: {}
[1.503832] (-) TimerEvent: {}
[1.589435] (publisher_cpp) StdoutLine: {'line': b'-- Found std_msgs: 5.3.8 (/opt/ros/jazzy/share/std_msgs/cmake)\n'}
[1.604020] (-) TimerEvent: {}
[1.631465] (publisher_cpp) StdoutLine: {'line': b'-- Found ament_lint_auto: 0.17.5 (/opt/ros/jazzy/share/ament_lint_auto/cmake)\n'}
[1.704208] (-) TimerEvent: {}
[1.804686] (-) TimerEvent: {}
[1.879547] (publisher_cpp) StdoutLine: {'line': b"-- Added test 'cppcheck' to perform static code analysis on C / C++ code\n"}
[1.880019] (publisher_cpp) StdoutLine: {'line': b'-- Configured cppcheck include dirs: \n'}
[1.880349] (publisher_cpp) StdoutLine: {'line': b'-- Configured cppcheck exclude dirs and/or files: \n'}
[1.882785] (publisher_cpp) StdoutLine: {'line': b"-- Added test 'lint_cmake' to check CMake code style\n"}
[1.886075] (publisher_cpp) StdoutLine: {'line': b"-- Added test 'uncrustify' to check C / C++ code style\n"}
[1.886476] (publisher_cpp) StdoutLine: {'line': b'-- Configured uncrustify additional arguments: \n'}
[1.888305] (publisher_cpp) StdoutLine: {'line': b"-- Added test 'xmllint' to check XML markup files\n"}
[1.893826] (publisher_cpp) StdoutLine: {'line': b'-- Configuring done (1.9s)\n'}
[1.901560] (publisher_cpp) StderrLine: {'line': b'\x1b[31mCMake Error at CMakeLists.txt:16 (add_executable):\n'}
[1.902023] (publisher_cpp) StderrLine: {'line': b'  Cannot find source file:\n'}
[1.902338] (publisher_cpp) StderrLine: {'line': b'\n'}
[1.902594] (publisher_cpp) StderrLine: {'line': b'    src/publisher.cpp\n'}
[1.902759] (publisher_cpp) StderrLine: {'line': b'\n'}
[1.902928] (publisher_cpp) StderrLine: {'line': b'  Tried extensions .c .C .c++ .cc .cpp .cxx .cu .mpp .m .M .mm .ixx .cppm\n'}
[1.903129] (publisher_cpp) StderrLine: {'line': b'  .ccm .cxxm .c++m .h .hh .h++ .hm .hpp .hxx .in .txx .f .F .for .f77 .f90\n'}
[1.903301] (publisher_cpp) StderrLine: {'line': b'  .f95 .f03 .hip .ispc\n'}
[1.903471] (publisher_cpp) StderrLine: {'line': b'\n'}
[1.903645] (publisher_cpp) StderrLine: {'line': b'\x1b[0m\n'}
[1.904772] (-) TimerEvent: {}
[1.905120] (publisher_cpp) StderrLine: {'line': b'\x1b[31mCMake Error at CMakeLists.txt:16 (add_executable):\n'}
[1.905426] (publisher_cpp) StderrLine: {'line': b'  No SOURCES given to target: publisher_node\n'}
[1.905608] (publisher_cpp) StderrLine: {'line': b'\n'}
[1.905778] (publisher_cpp) StderrLine: {'line': b'\x1b[0m\n'}
[1.905939] (publisher_cpp) StderrLine: {'line': b'\x1b[0mCMake Generate step failed.  Build files cannot be regenerated correctly.\x1b[0m\n'}
[1.917154] (publisher_cpp) CommandEnded: {'returncode': 1}
[1.961457] (publisher_cpp) JobEnded: {'identifier': 'publisher_cpp', 'rc': 1}
[1.972527] (-) EventReactorShutdown: {}
