[0.023s] Invoking command in '/home/host/ros_ws/src/build/publisher_cpp': CMAKE_PREFIX_PATH=${CMAKE_PREFIX_PATH}:/opt/ros/jazzy PS1=(ROS_ID=0) \u@\h:\w$ /usr/bin/cmake /home/host/ros_ws/src/publisher_cpp -DAMENT_CMAKE_SYMLINK_INSTALL=1 -DCMAKE_INSTALL_PREFIX=/home/host/ros_ws/src/install/publisher_cpp
[0.051s] -- Found ament_cmake: 2.5.6 (/opt/ros/jazzy/share/ament_cmake/cmake)
[0.429s] -- Override CMake install command with custom implementation using symlinks instead of copying resources
[0.455s] -- Found rclcpp: 28.1.21 (/opt/ros/jazzy/share/rclcpp/cmake)
[0.599s] -- Found rosidl_generator_c: 4.6.9 (/opt/ros/jazzy/share/rosidl_generator_c/cmake)
[0.649s] -- Found rosidl_generator_cpp: 4.6.9 (/opt/ros/jazzy/share/rosidl_generator_cpp/cmake)
[0.709s] -- Using all available rosidl_typesupport_c: rosidl_typesupport_fastrtps_c;rosidl_typesupport_introspection_c
[0.766s] -- Using all available rosidl_typesupport_cpp: rosidl_typesupport_fastrtps_cpp;rosidl_typesupport_introspection_cpp
[0.995s] -- Found rmw_implementation_cmake: 7.3.3 (/opt/ros/jazzy/share/rmw_implementation_cmake/cmake)
[1.008s] -- Found rmw_fastrtps_cpp: 8.4.4 (/opt/ros/jazzy/share/rmw_fastrtps_cpp/cmake)
[1.277s] -- Found OpenSSL: /usr/lib/x86_64-linux-gnu/libcrypto.so (found version "3.0.13")  
[1.317s] -- Found FastRTPS: /opt/ros/jazzy/include (Required is at least version "2.13") 
[1.363s] -- Using RMW implementation 'rmw_fastrtps_cpp' as default
[1.589s] -- Found std_msgs: 5.3.8 (/opt/ros/jazzy/share/std_msgs/cmake)
[1.631s] -- Found ament_lint_auto: 0.17.5 (/opt/ros/jazzy/share/ament_lint_auto/cmake)
[1.879s] -- Added test 'cppcheck' to perform static code analysis on C / C++ code
[1.879s] -- Configured cppcheck include dirs: 
[1.880s] -- Configured cppcheck exclude dirs and/or files: 
[1.882s] -- Added test 'lint_cmake' to check CMake code style
[1.885s] -- Added test 'uncrustify' to check C / C++ code style
[1.886s] -- Configured uncrustify additional arguments: 
[1.888s] -- Added test 'xmllint' to check XML markup files
[1.893s] -- Configuring done (1.9s)
[1.901s] [31mCMake Error at CMakeLists.txt:16 (add_executable):
[1.901s]   Cannot find source file:
[1.902s] 
[1.902s]     src/publisher.cpp
[1.902s] 
[1.902s]   Tried extensions .c .C .c++ .cc .cpp .cxx .cu .mpp .m .M .mm .ixx .cppm
[1.902s]   .ccm .cxxm .c++m .h .hh .h++ .hm .hpp .hxx .in .txx .f .F .for .f77 .f90
[1.902s]   .f95 .f03 .hip .ispc
[1.903s] 
[1.903s] [0m
[1.904s] [31mCMake Error at CMakeLists.txt:16 (add_executable):
[1.905s]   No SOURCES given to target: publisher_node
[1.905s] 
[1.905s] [0m
[1.905s] [0mCMake Generate step failed.  Build files cannot be regenerated correctly.[0m
[1.917s] Invoked command in '/home/host/ros_ws/src/build/publisher_cpp' returned '1': CMAKE_PREFIX_PATH=${CMAKE_PREFIX_PATH}:/opt/ros/jazzy PS1=(ROS_ID=0) \u@\h:\w$ /usr/bin/cmake /home/host/ros_ws/src/publisher_cpp -DAMENT_CMAKE_SYMLINK_INSTALL=1 -DCMAKE_INSTALL_PREFIX=/home/host/ros_ws/src/install/publisher_cpp
