[0.027s] Invoking command in '/home/host/ros_ws/src/build/publisher_cpp': PS1=(ROS_ID=0) \u@\h:\w$ /usr/bin/cmake /home/host/ros_ws/src/publisher_cpp -DCMAKE_INSTALL_PREFIX=/home/host/ros_ws/src/install/publisher_cpp
[0.258s] -- The C compiler identification is GNU 13.3.0
[0.451s] -- The CXX compiler identification is GNU 13.3.0
[0.495s] -- Detecting C compiler ABI info
[0.729s] -- Detecting C compiler ABI info - done
[0.747s] -- Check for working C compiler: /usr/bin/cc - skipped
[0.756s] -- Detecting C compile features
[0.758s] -- Detecting C compile features - done
[0.783s] -- Detecting CXX compiler ABI info
[1.020s] -- Detecting CXX compiler ABI info - done
[1.040s] -- Check for working CXX compiler: /usr/bin/c++ - skipped
[1.040s] -- Detecting CXX compile features
[1.041s] -- Detecting CXX compile features - done
[1.063s] -- Found ament_cmake: 2.5.6 (/opt/ros/jazzy/share/ament_cmake/cmake)
[1.438s] -- Found Python3: /usr/bin/python3 (found version "3.12.3") found components: Interpreter 
[1.766s] [31mCMake Error at /opt/ros/jazzy/share/ament_cmake_target_dependencies/cmake/ament_target_dependencies.cmake:77 (message):
[1.766s]   ament_target_dependencies() the passed package name 'rclcpp' was not found
[1.767s]   before
[1.767s] Call Stack (most recent call first):
[1.767s]   CMakeLists.txt:15 (ament_target_dependencies)
[1.767s] 
[1.767s] [0m
[1.767s] -- Configuring incomplete, errors occurred!
[1.776s] Invoked command in '/home/host/ros_ws/src/build/publisher_cpp' returned '1': PS1=(ROS_ID=0) \u@\h:\w$ /usr/bin/cmake /home/host/ros_ws/src/publisher_cpp -DCMAKE_INSTALL_PREFIX=/home/host/ros_ws/src/install/publisher_cpp
