[0.000000] (-) TimerEvent: {}
[0.000446] (publisher_cpp) JobQueued: {'identifier': 'publisher_cpp', 'dependencies': OrderedDict()}
[0.000550] (publisher_cpp) JobStarted: {'identifier': 'publisher_cpp'}
[0.023147] (publisher_cpp) JobProgress: {'identifier': 'publisher_cpp', 'progress': 'cmake'}
[0.024483] (publisher_cpp) Command: {'cmd': ['/usr/bin/cmake', '/home/host/ros_ws/src/publisher_cpp', '-DCMAKE_INSTALL_PREFIX=/home/host/ros_ws/src/install/publisher_cpp'], 'cwd': '/home/host/ros_ws/src/build/publisher_cpp', 'env': OrderedDict({'GZ_SIM_RESOURCE_PATH': '/opt/ros/jazzy/share', 'GZ_CONFIG_PATH': '/opt/ros/jazzy/opt/gz_sim_vendor/share/gz:/opt/ros/jazzy/opt/sdformat_vendor/share/gz:/opt/ros/jazzy/opt/gz_gui_vendor/share/gz:/opt/ros/jazzy/opt/gz_transport_vendor/share/gz:/opt/ros/jazzy/opt/gz_rendering_vendor/share/gz:/opt/ros/jazzy/opt/gz_plugin_vendor/share/gz:/opt/ros/jazzy/opt/gz_fuel_tools_vendor/share/gz:/opt/ros/jazzy/opt/gz_msgs_vendor/share/gz:/opt/ros/jazzy/opt/gz_common_vendor/share/gz', 'HOSTNAME': 'ryan', 'SHLVL': '1', 'LD_LIBRARY_PATH': '/opt/ros/jazzy/opt/gz_sim_vendor/lib:/opt/ros/jazzy/opt/gz_sensors_vendor/lib:/opt/ros/jazzy/opt/gz_physics_vendor/lib:/opt/ros/jazzy/opt/sdformat_vendor/lib:/opt/ros/jazzy/opt/rviz_ogre_vendor/lib:/opt/ros/jazzy/lib/x86_64-linux-gnu:/opt/ros/jazzy/opt/gz_gui_vendor/lib:/opt/ros/jazzy/opt/gz_transport_vendor/lib:/opt/ros/jazzy/opt/gz_rendering_vendor/lib:/opt/ros/jazzy/opt/gz_plugin_vendor/lib:/opt/ros/jazzy/opt/gz_fuel_tools_vendor/lib:/opt/ros/jazzy/opt/gz_msgs_vendor/lib:/opt/ros/jazzy/opt/gz_common_vendor/lib:/opt/ros/jazzy/opt/gz_math_vendor/lib:/opt/ros/jazzy/opt/gz_utils_vendor/lib:/opt/ros/jazzy/opt/gz_tools_vendor/lib:/opt/ros/jazzy/opt/gz_ogre_next_vendor/lib:/opt/ros/jazzy/opt/gz_dartsim_vendor/lib:/opt/ros/jazzy/opt/gz_cmake_vendor/lib:/opt/ros/jazzy/lib', 'HOME': '/home/host', 'OLDPWD': '/home/host/ros_ws', 'ROS_PYTHON_VERSION': '3', 'PS1': '(ROS_ID=0) \\u@\\h:\\w$', 'ROS_DISTRO': 'jazzy', '_': '/usr/bin/colcon', 'ROS_VERSION': '2', 'TERM': 'xterm', 'ROS_LOCALHOST_ONLY': '1', 'QT_X11_NO_MITSHM': '1', 'PATH': '/opt/ros/jazzy/opt/gz_msgs_vendor/bin:/opt/ros/jazzy/opt/gz_tools_vendor/bin:/opt/ros/jazzy/opt/gz_ogre_next_vendor/bin:/opt/ros/jazzy/bin:/usr/local/sbin:/usr/local/bin:/usr/sbin:/usr/bin:/sbin:/bin', 'DISPLAY': ':0', 'LANG': 'C.UTF-8', 'ROS_DOMAIN_ID': '1', 'AMENT_PREFIX_PATH': '/opt/ros/jazzy', 'DEBIAN_FRONTEND': 'noninteractive', 'ROS_AUTOMATIC_DISCOVERY_RANGE': 'SUBNET', 'PWD': '/home/host/ros_ws/src/build/publisher_cpp', 'LC_ALL': 'C.UTF-8', 'PYTHONPATH': '/opt/ros/jazzy/lib/python3.12/site-packages', 'COLCON': '1', 'CMAKE_PREFIX_PATH': '/opt/ros/jazzy/opt/gz_sim_vendor:/opt/ros/jazzy/opt/gz_sensors_vendor:/opt/ros/jazzy/opt/gz_physics_vendor:/opt/ros/jazzy/opt/sdformat_vendor:/opt/ros/jazzy/opt/gz_gui_vendor:/opt/ros/jazzy/opt/gz_transport_vendor:/opt/ros/jazzy/opt/gz_rendering_vendor:/opt/ros/jazzy/opt/gz_plugin_vendor:/opt/ros/jazzy/opt/gz_fuel_tools_vendor:/opt/ros/jazzy/opt/gz_msgs_vendor:/opt/ros/jazzy/opt/gz_common_vendor:/opt/ros/jazzy/opt/gz_math_vendor:/opt/ros/jazzy/opt/gz_utils_vendor:/opt/ros/jazzy/opt/gz_tools_vendor:/opt/ros/jazzy/opt/gz_ogre_next_vendor:/opt/ros/jazzy/opt/gz_dartsim_vendor:/opt/ros/jazzy/opt/gz_cmake_vendor'}), 'shell': False}
[0.098820] (-) TimerEvent: {}
[0.199411] (-) TimerEvent: {}
[0.258440] (publisher_cpp) StdoutLine: {'line': b'-- The C compiler identification is GNU 13.3.0\n'}
[0.299620] (-) TimerEvent: {}
[0.400125] (-) TimerEvent: {}
[0.450942] (publisher_cpp) StdoutLine: {'line': b'-- The CXX compiler identification is GNU 13.3.0\n'}
[0.495560] (publisher_cpp) StdoutLine: {'line': b'-- Detecting C compiler ABI info\n'}
[0.500318] (-) TimerEvent: {}
[0.600822] (-) TimerEvent: {}
[0.701436] (-) TimerEvent: {}
[0.729178] (publisher_cpp) StdoutLine: {'line': b'-- Detecting C compiler ABI info - done\n'}
[0.746788] (publisher_cpp) StdoutLine: {'line': b'-- Check for working C compiler: /usr/bin/cc - skipped\n'}
[0.756728] (publisher_cpp) StdoutLine: {'line': b'-- Detecting C compile features\n'}
[0.758126] (publisher_cpp) StdoutLine: {'line': b'-- Detecting C compile features - done\n'}
[0.782765] (publisher_cpp) StdoutLine: {'line': b'-- Detecting CXX compiler ABI info\n'}
[0.801646] (-) TimerEvent: {}
[0.902114] (-) TimerEvent: {}
[1.002630] (-) TimerEvent: {}
[1.020548] (publisher_cpp) StdoutLine: {'line': b'-- Detecting CXX compiler ABI info - done\n'}
[1.039998] (publisher_cpp) StdoutLine: {'line': b'-- Check for working CXX compiler: /usr/bin/c++ - skipped\n'}
[1.040560] (publisher_cpp) StdoutLine: {'line': b'-- Detecting CXX compile features\n'}
[1.041370] (publisher_cpp) StdoutLine: {'line': b'-- Detecting CXX compile features - done\n'}
[1.063049] (publisher_cpp) StdoutLine: {'line': b'-- Found ament_cmake: 2.5.6 (/opt/ros/jazzy/share/ament_cmake/cmake)\n'}
[1.102833] (-) TimerEvent: {}
[1.203373] (-) TimerEvent: {}
[1.303952] (-) TimerEvent: {}
[1.404510] (-) TimerEvent: {}
[1.438647] (publisher_cpp) StdoutLine: {'line': b'-- Found Python3: /usr/bin/python3 (found version "3.12.3") found components: Interpreter \n'}
[1.504917] (-) TimerEvent: {}
[1.605467] (-) TimerEvent: {}
[1.706018] (-) TimerEvent: {}
[1.766517] (publisher_cpp) StderrLine: {'line': b'\x1b[31mCMake Error at /opt/ros/jazzy/share/ament_cmake_target_dependencies/cmake/ament_target_dependencies.cmake:77 (message):\n'}
[1.766926] (publisher_cpp) StderrLine: {'line': b"  ament_target_dependencies() the passed package name 'rclcpp' was not found\n"}
[1.767096] (publisher_cpp) StderrLine: {'line': b'  before\n'}
[1.767218] (publisher_cpp) StderrLine: {'line': b'Call Stack (most recent call first):\n'}
[1.767339] (publisher_cpp) StderrLine: {'line': b'  CMakeLists.txt:15 (ament_target_dependencies)\n'}
[1.767459] (publisher_cpp) StderrLine: {'line': b'\n'}
[1.767579] (publisher_cpp) StderrLine: {'line': b'\x1b[0m\n'}
[1.767697] (publisher_cpp) StdoutLine: {'line': b'-- Configuring incomplete, errors occurred!\n'}
[1.776095] (publisher_cpp) CommandEnded: {'returncode': 1}
[1.777320] (publisher_cpp) JobEnded: {'identifier': 'publisher_cpp', 'rc': 1}
[1.788538] (-) EventReactorShutdown: {}
